// Jest Snapshot v1, https://goo.gl/fbAQLP

exports[`SafeAreaScreen Test Snapshot test 1`] = `
<SafeAreaView
  style={
    Array [
      Object {
        "alignItems": "center",
        "backgroundColor": "#F5FCFF",
        "flex": 1,
        "justifyContent": "center",
      },
      undefined,
    ]
  }
>
  <Text>
    text
  </Text>
</SafeAreaView>
`;
